
> build
> vite build

[36mvite v7.3.2 [32mbuilding client environment for production...[36m[39m
transforming...

[@tanstack/devtools-vite] Removed devtools code from: /src/routes/__root.tsx

[32mΓ£ô[39m 4753 modules transformed.
rendering chunks...
computing gzip size...
[2mdist/client/[22m[32massets/slick-BlzDm7g2.svg                                     [39m[1m[2m    2.15 kB[22m[1m[22m[2m Γöé gzip:     0.91 kB[22m
[2mdist/client/[22m[32massets/ajax-loader-BcnMEykj.gif                               [39m[1m[2m    4.18 kB[22m[1m[22m
[2mdist/client/[22m[32massets/22a46df8d15fc41e0a5de64097895ec3934161c1-zhXNm_F7.png  [39m[1m[2m   89.80 kB[22m[1m[22m
[2mdist/client/[22m[35massets/slick-CbWFAYwR.css                                     [39m[1m[2m    1.33 kB[22m[1m[22m[2m Γöé gzip:     0.49 kB[22m
[2mdist/client/[22m[35massets/slick-theme-o7HlYq24.css                               [39m[1m[2m   12.29 kB[22m[1m[22m[2m Γöé gzip:     3.51 kB[22m
[2mdist/client/[22m[35massets/styles-BWsYJ2PQ.css                                    [39m[1m[2m  102.54 kB[22m[1m[22m[2m Γöé gzip:    16.35 kB[22m
[2mdist/client/[22m[36massets/skeleton-BfCVKrD5.js                                   [39m[1m[2m    0.20 kB[22m[1m[22m[2m Γöé gzip:     0.17 kB[22m
[2mdist/client/[22m[36massets/award-CrY7rLMK.js                                      [39m[1m[2m    0.27 kB[22m[1m[22m[2m Γöé gzip:     0.23 kB[22m
[2mdist/client/[22m[36massets/house-yTzPL4y-.js                                      [39m[1m[2m    0.28 kB[22m[1m[22m[2m Γöé gzip:     0.22 kB[22m
[2mdist/client/[22m[36massets/card-DO9iTPwT.js                                       [39m[1m[2m    0.36 kB[22m[1m[22m[2m Γöé gzip:     0.23 kB[22m
[2mdist/client/[22m[36massets/waves-CebLBUjU.js                                      [39m[1m[2m    0.43 kB[22m[1m[22m[2m Γöé gzip:     0.22 kB[22m
[2mdist/client/[22m[36massets/resources5-DLYiiGI6.js                                 [39m[1m[2m    0.48 kB[22m[1m[22m[2m Γöé gzip:     0.29 kB[22m
[2mdist/client/[22m[36massets/json-unC8z3UW.js                                       [39m[1m[2m    0.52 kB[22m[1m[22m[2m Γöé gzip:     0.32 kB[22m
[2mdist/client/[22m[36massets/index-B4HTqFrb.js                                      [39m[1m[2m    0.65 kB[22m[1m[22m[2m Γöé gzip:     0.39 kB[22m
[2mdist/client/[22m[36massets/refractor-Bt1AaXID.js                                  [39m[1m[2m    0.71 kB[22m[1m[22m[2m Γöé gzip:     0.46 kB[22m
[2mdist/client/[22m[36massets/refractor-DfqgxcLx.js                                  [39m[1m[2m    0.71 kB[22m[1m[22m[2m Γöé gzip:     0.46 kB[22m
[2mdist/client/[22m[36massets/refractor-BbzTLjT2.js                                  [39m[1m[2m    0.71 kB[22m[1m[22m[2m Γöé gzip:     0.46 kB[22m
[2mdist/client/[22m[36massets/resources6-BHmPcXiL.js                                 [39m[1m[2m    0.73 kB[22m[1m[22m[2m Γöé gzip:     0.32 kB[22m
[2mdist/client/[22m[36massets/ImageWithFallback-BVFHejHo.js                          [39m[1m[2m    0.88 kB[22m[1m[22m[2m Γöé gzip:     0.62 kB[22m
[2mdist/client/[22m[36massets/tanstack-query-CNk_TafE.js                             [39m[1m[2m    0.94 kB[22m[1m[22m[2m Γöé gzip:     0.56 kB[22m
[2mdist/client/[22m[36massets/badge-DdO-WLtF.js                                      [39m[1m[2m    1.14 kB[22m[1m[22m[2m Γöé gzip:     0.55 kB[22m
[2mdist/client/[22m[36massets/typescript-DrL72TmI.js                                 [39m[1m[2m    1.43 kB[22m[1m[22m[2m Γöé gzip:     0.66 kB[22m
[2mdist/client/[22m[36massets/ViteDevServerStopped-DdnG0I1h.js                       [39m[1m[2m    1.60 kB[22m[1m[22m[2m Γöé gzip:     0.74 kB[22m
[2mdist/client/[22m[36massets/resources4-5WiNjYPp.js                                 [39m[1m[2m    2.15 kB[22m[1m[22m[2m Γöé gzip:     0.78 kB[22m
[2mdist/client/[22m[36massets/index2-Ch7WksX1.js                                     [39m[1m[2m    2.36 kB[22m[1m[22m[2m Γöé gzip:     1.24 kB[22m
[2mdist/client/[22m[36massets/resources-BTV7Cajd.js                                  [39m[1m[2m    2.52 kB[22m[1m[22m[2m Γöé gzip:     0.99 kB[22m
[2mdist/client/[22m[36massets/privacy-BpQCAwKk.js                                    [39m[1m[2m    3.49 kB[22m[1m[22m[2m Γöé gzip:     1.42 kB[22m
[2mdist/client/[22m[36massets/index3-ngQSXCT8.js                                     [39m[1m[2m    3.87 kB[22m[1m[22m[2m Γöé gzip:     1.90 kB[22m
[2mdist/client/[22m[36massets/resources-DGgKb2-V.js                                  [39m[1m[2m    4.32 kB[22m[1m[22m[2m Γöé gzip:     1.36 kB[22m
[2mdist/client/[22m[36massets/resources3-UU7yjebC.js                                 [39m[1m[2m    4.38 kB[22m[1m[22m[2m Γöé gzip:     1.27 kB[22m
[2mdist/client/[22m[36massets/divesites-D6equxrj.js                                  [39m[1m[2m    4.81 kB[22m[1m[22m[2m Γöé gzip:     1.76 kB[22m
[2mdist/client/[22m[36massets/accommodation-Rm6ffJRE.js                              [39m[1m[2m    5.04 kB[22m[1m[22m[2m Γöé gzip:     2.11 kB[22m
[2mdist/client/[22m[36massets/jsx-BQ6XNmEo.js                                        [39m[1m[2m    5.40 kB[22m[1m[22m[2m Γöé gzip:     1.97 kB[22m
[2mdist/client/[22m[36massets/javascript-BJ-GTedN.js                                 [39m[1m[2m    5.49 kB[22m[1m[22m[2m Γöé gzip:     1.94 kB[22m
[2mdist/client/[22m[36massets/bash-CG6S6Dwl.js                                       [39m[1m[2m    6.22 kB[22m[1m[22m[2m Γöé gzip:     3.09 kB[22m
[2mdist/client/[22m[36massets/about-BWocP_zp.js                                      [39m[1m[2m    6.34 kB[22m[1m[22m[2m Γöé gzip:     1.91 kB[22m
[2mdist/client/[22m[36massets/stegaEncodeSourceMap-eeaAnAwh.js                       [39m[1m[2m    7.54 kB[22m[1m[22m[2m Γöé gzip:     3.08 kB[22m
[2mdist/client/[22m[36massets/disclaimer-CALmZ79V.js                                 [39m[1m[2m    8.01 kB[22m[1m[22m[2m Γöé gzip:     2.67 kB[22m
[2mdist/client/[22m[36massets/browser-Cfx7L3sQ.js                                    [39m[1m[2m   12.51 kB[22m[1m[22m[2m Γöé gzip:     4.92 kB[22m
[2mdist/client/[22m[36massets/resources2-z2LjOoLF.js                                 [39m[1m[2m   15.56 kB[22m[1m[22m[2m Γöé gzip:     3.56 kB[22m
[2mdist/client/[22m[36massets/index4-BjUZFYq5.js                                     [39m[1m[2m   20.02 kB[22m[1m[22m[2m Γöé gzip:     8.30 kB[22m
[2mdist/client/[22m[36massets/resources7-oREWE1mQ.js                                 [39m[1m[2m   25.14 kB[22m[1m[22m[2m Γöé gzip:     5.86 kB[22m
[2mdist/client/[22m[36massets/pricing-DAq04xAY.js                                    [39m[1m[2m   31.68 kB[22m[1m[22m[2m Γöé gzip:     9.69 kB[22m
[2mdist/client/[22m[36massets/index-Ces8Wum2.js                                      [39m[1m[2m   37.72 kB[22m[1m[22m[2m Γöé gzip:    13.71 kB[22m
[2mdist/client/[22m[36massets/index-D1m4bUX9.js                                      [39m[1m[2m   72.33 kB[22m[1m[22m[2m Γöé gzip:    20.29 kB[22m
[2mdist/client/[22m[36massets/main-CdfPy3rv.js                                       [39m[1m[33m  509.04 kB[39m[22m[2m Γöé gzip:   160.45 kB[22m
[2mdist/client/[22m[36massets/SanityVision-lc4udJXZ.js                               [39m[1m[33m  824.16 kB[39m[22m[2m Γöé gzip:   268.18 kB[22m
[2mdist/client/[22m[36massets/VideoPlayer-CZrE5yOa.js                                [39m[1m[33m1,319.45 kB[39m[22m[2m Γöé gzip:   363.14 kB[22m
[2mdist/client/[22m[36massets/pane2-DbwyeuOQ.js                                      [39m[1m[33m5,110.01 kB[39m[22m[2m Γöé gzip: 1,621.81 kB[22m
node.exe : [33m
At line:1 char:1
+ & "C:\Program Files\nodejs/node.exe" "C:\Program Files\nodejs/node_mo ...
+ ~~~~~~~~~~~~~~~~~~~~~~~~~~~~~~~~~~~~~~~~~~~~~~~~~~~~~~~~~~~~~~~~~~~~~
    + CategoryInfo          : NotSpecified: ([33m:String) [], RemoteException
    + FullyQualifiedErrorId : NativeCommandError
 
(!) Some chunks are larger than 500 kB after minification. Consider:
- Using dynamic import() to code-split the application
- Use build.rollupOptions.output.manualChunks to improve chunking: 
https://rollupjs.org/configuration-options/#output-manualchunks
- Adjust chunk size limit for this warning via build.chunkSizeWarningLimit.[39m
[32mΓ£ô built in 37.09s[39m
[36mvite v7.3.2 [32mbuilding ssr environment for production...[36m[39m
transforming...

[@tanstack/devtools-vite] Removed devtools code from: /src/routes/__root.tsx

[33m"createRequestHandler", "defineHandlerCallback", "transformPipeableStreamWithRouter" and 
"transformReadableStreamWithRouter" are imported from external module "@tanstack/router-core/ssr/server" but never 
used in "node_modules/@tanstack/start-server-core/dist/esm/index.js".[39m
[33m"RawStream" is imported from external module "@tanstack/router-core" but never used in 
"node_modules/@tanstack/start-client-core/dist/esm/index.js".[39m
[33m"Outlet" is imported from external module "@tanstack/react-router" but never used in "src/routes/__root.tsx".[39m
[33m"hydrate" and "json" are imported from external module "@tanstack/router-core/ssr/client" but never used in 
"node_modules/@tanstack/start-client-core/dist/esm/index.js".[39m
[33m"Calendar" is imported from external module "lucide-react" but never used in "src/routes/pricing.tsx" and 
"src/routes/pricing.tsx?tsr-split=component".[39m
[32mΓ£ô[39m 93 modules transformed.
rendering chunks...
[2mdist/server/[22m[36massets/start-HYkvq4Ni.js                       [39m[1m[2m 0.06 kB[22m[1m[22m
[2mdist/server/[22m[36massets/skeleton-RWfrg8Mm.js                    [39m[1m[2m 0.34 kB[22m[1m[22m
[2mdist/server/[22m[36massets/card-BJGBSRdz.js                        [39m[1m[2m 0.64 kB[22m[1m[22m
[2mdist/server/[22m[36massets/ImageWithFallback-BDnNSSYc.js           [39m[1m[2m 1.22 kB[22m[1m[22m
[2mdist/server/[22m[36massets/tanstack-query-BinRm2c5.js              [39m[1m[2m 1.31 kB[22m[1m[22m
[2mdist/server/[22m[36massets/badge-CbYoT3YW.js                       [39m[1m[2m 1.54 kB[22m[1m[22m
[2mdist/server/[22m[36massets/_tanstack-start-manifest_v-CU61fV3Q.js  [39m[1m[2m 2.72 kB[22m[1m[22m
[2mdist/server/[22m[36massets/privacy-vaV3QP0h.js                     [39m[1m[2m 5.03 kB[22m[1m[22m
[2mdist/server/[22m[36massets/accommodation-evJUFEd-.js               [39m[1m[2m 6.41 kB[22m[1m[22m
[2mdist/server/[22m[36massets/divesites-DtunumZ7.js                   [39m[1m[2m 6.75 kB[22m[1m[22m
[2mdist/server/[22m[36massets/studio._-BfEIa60Z.js                    [39m[1m[2m 7.42 kB[22m[1m[22m
[2mdist/server/[22m[36massets/about-CLMuEHuG.js                       [39m[1m[2m 8.38 kB[22m[1m[22m
[2mdist/server/[22m[36massets/disclaimer-CsoW2iPL.js                  [39m[1m[2m10.52 kB[22m[1m[22m
[2mdist/server/[22m[36massets/index-DO2UNesf.js                       [39m[1m[2m12.49 kB[22m[1m[22m
[2mdist/server/[22m[36massets/pricing-vMXY087y.js                     [39m[1m[2m25.12 kB[22m[1m[22m
[2mdist/server/[22m[36massets/router-DMyUn9cc.js                      [39m[1m[2m26.89 kB[22m[1m[22m
[2mdist/server/[22m[36mserver.js                                      [39m[1m[2m37.23 kB[22m[1m[22m
[32mΓ£ô built in 2.30s[39m
